#
# There is insufficient memory for the Java Runtime Environment to continue.
# Native memory allocation (mmap) failed to map 534773760 bytes. Error detail: G1 virtual space
# Possible reasons:
#   The system is out of physical RAM or swap space
#   This process is running with CompressedOops enabled, and the Java Heap may be blocking the growth of the native heap
# Possible solutions:
#   Reduce memory load on the system
#   Increase physical memory or swap space
#   Check if swap backing store is full
#   Decrease Java heap size (-Xmx/-Xms)
#   Decrease number of Java threads
#   Decrease Java thread stack sizes (-Xss)
#   Set larger code cache with -XX:ReservedCodeCacheSize=
#   JVM is running with Unscaled Compressed Oops mode in which the Java heap is
#     placed in the first 4GB address space. The Java Heap base address is the
#     maximum limit for the native heap growth. Please use -XX:HeapBaseMinAddress
#     to set the Java Heap base and to place the Java Heap above 4GB virtual address.
# This output file may be truncated or incomplete.
#
#  Out of Memory Error (os_windows.cpp:3825), pid=39692, tid=29012
#
# JRE version:  (17.0.12+1) (build )
# Java VM: OpenJDK 64-Bit Server VM (17.0.12+1-b1087.25, mixed mode, sharing, tiered, compressed oops, compressed class ptrs, g1 gc, windows-amd64)
# No core dump will be written. Minidumps are not enabled by default on client versions of Windows
#

---------------  S U M M A R Y ------------

Command Line: -Xmx512m D:\devecostudio\DevEco Studio\tools\hvigor\hvigor\lib\hvigor-java-daemon.jar 45050 0000005032a71c8f77deb75d0d4d6c62660889d3fe2f79c8f68b0fde4b4f8c91db8ac2726e6bf0a7141f3c64f4779db11296308b245a221562e409897528601a474047befd20e03a6e43c3a7d1841631f7a86aea5471022c9c08a5a90466a23f

Host: Intel(R) Core(TM) i7-9700 CPU @ 3.00GHz, 8 cores, 31G,  Windows 10 , 64 bit Build 19041 (10.0.19041.2364)
Time: Thu Aug 21 15:20:10 2025  Windows 10 , 64 bit Build 19041 (10.0.19041.2364) elapsed time: 0.084813 seconds (0d 0h 0m 0s)

---------------  T H R E A D  ---------------

Current thread (0x000001b96c1c6fb0):  JavaThread "Unknown thread" [_thread_in_vm, id=29012, stack(0x000000798dc00000,0x000000798dd00000)]

Stack: [0x000000798dc00000,0x000000798dd00000]
Native frames: (J=compiled Java code, j=interpreted, Vv=VM code, C=native code)
V  [jvm.dll+0x688dd9]
V  [jvm.dll+0x842eaa]
V  [jvm.dll+0x844aee]
V  [jvm.dll+0x845153]
V  [jvm.dll+0x24ba3f]
V  [jvm.dll+0x685ba9]
V  [jvm.dll+0x67a45a]
V  [jvm.dll+0x30c60b]
V  [jvm.dll+0x313ab6]
V  [jvm.dll+0x363c6e]
V  [jvm.dll+0x363e9f]
V  [jvm.dll+0x2e2658]
V  [jvm.dll+0x2e3594]
V  [jvm.dll+0x813b31]
V  [jvm.dll+0x3719c1]
V  [jvm.dll+0x7f2626]
V  [jvm.dll+0x3f563f]
V  [jvm.dll+0x3f7191]
C  [jli.dll+0x528f]
C  [ucrtbase.dll+0x21bb2]
C  [KERNEL32.DLL+0x17614]
C  [ntdll.dll+0x526a1]


---------------  P R O C E S S  ---------------

Threads class SMR info:
_java_thread_list=0x00007ffff7d50f58, length=0, elements={
}

Java Threads: ( => current thread )

Other Threads:
  0x000001b96c1f5af0 GCTaskThread "GC Thread#0" [stack: 0x000000798dd00000,0x000000798de00000] [id=43324]
  0x000001b96c1faa40 ConcurrentGCThread "G1 Main Marker" [stack: 0x000000798de00000,0x000000798df00000] [id=118664]
  0x000001b96c1fb460 ConcurrentGCThread "G1 Conc#0" [stack: 0x000000798df00000,0x000000798e000000] [id=33124]

[error occurred during error reporting (printing all threads), id 0xc0000005, EXCEPTION_ACCESS_VIOLATION (0xc0000005) at pc=0x00007ffff75031c7]

VM state: not at safepoint (not fully initialized)

VM Mutex/Monitor currently owned by a thread:  ([mutex/lock_event])
[0x000001b96c1c3230] Heap_lock - owner thread: 0x000001b96c1c6fb0

Heap address: 0x00000000e0000000, size: 512 MB, Compressed Oops mode: 32-bit

CDS archive(s) mapped at: [0x0000000000000000-0x0000000000000000-0x0000000000000000), size 0, SharedBaseAddress: 0x0000000800000000, ArchiveRelocationMode: 1.
Narrow klass base: 0x0000000000000000, Narrow klass shift: 0, Narrow klass range: 0x0

GC Precious Log:
<Empty>

Heap:
 garbage-first heap   total 0K, used 0K [0x00000000e0000000, 0x0000000100000000)
  region size 1024K, 0 young (0K), 0 survivors (0K)
 Metaspace       used 0K, committed 0K, reserved 0K
  class space    used 0K, committed 0K, reserved 0K

Heap Regions: E=young(eden), S=young(survivor), O=old, HS=humongous(starts), HC=humongous(continues), CS=collection set, F=free, OA=open archive, CA=closed archive, TAMS=top-at-mark-start (previous, next)

Card table byte_map: [0x000001b971cf0000,0x000001b971df0000] _byte_map_base: 0x000001b9715f0000

Marking Bits (Prev, Next): (CMBitMap*) 0x000001b96c1f6110, (CMBitMap*) 0x000001b96c1f6150
 Prev Bits: [0x000001b971ef0000, 0x000001b9726f0000)
 Next Bits: [0x000001b9726f0000, 0x000001b972ef0000)

GC Heap History (0 events):
No events

Dll operation events (1 events):
Event: 0.077 Loaded shared library D:\devecostudio\DevEco Studio\jbr\bin\java.dll

Deoptimization events (0 events):
No events

Classes unloaded (0 events):
No events

Classes redefined (0 events):
No events

Internal exceptions (0 events):
No events

VM Operations (0 events):
No events

Events (0 events):
No events


Dynamic libraries:
0x00007ff653df0000 - 0x00007ff653dfa000 	D:\devecostudio\DevEco Studio\jbr\bin\java.exe
0x00007ff866310000 - 0x00007ff866508000 	C:\windows\SYSTEM32\ntdll.dll
0x00007ff8657a0000 - 0x00007ff86585f000 	C:\windows\System32\KERNEL32.DLL
0x00007ff863f70000 - 0x00007ff864242000 	C:\windows\System32\KERNELBASE.dll
0x00007ff863e70000 - 0x00007ff863f70000 	C:\windows\System32\ucrtbase.dll
0x00007ff8464d0000 - 0x00007ff8464e7000 	D:\devecostudio\DevEco Studio\jbr\bin\jli.dll
0x00007ff865860000 - 0x00007ff865a01000 	C:\windows\System32\USER32.dll
0x00007ff863bf0000 - 0x00007ff863c12000 	C:\windows\System32\win32u.dll
0x00007ff866280000 - 0x00007ff8662ab000 	C:\windows\System32\GDI32.dll
0x00007ff863cc0000 - 0x00007ff863dcf000 	C:\windows\System32\gdi32full.dll
0x00007ff863c20000 - 0x00007ff863cbd000 	C:\windows\System32\msvcp_win.dll
0x00007ff840e90000 - 0x00007ff84112a000 	C:\windows\WinSxS\amd64_microsoft.windows.common-controls_6595b64144ccf1df_6.0.19041.1110_none_60b5254171f9507e\COMCTL32.dll
0x00007ff864c70000 - 0x00007ff864d0e000 	C:\windows\System32\msvcrt.dll
0x00007ff85f660000 - 0x00007ff85f67b000 	D:\devecostudio\DevEco Studio\jbr\bin\VCRUNTIME140.dll
0x00007ff865f30000 - 0x00007ff865f62000 	C:\windows\System32\IMM32.DLL
0x00007ff85f650000 - 0x00007ff85f65c000 	D:\devecostudio\DevEco Studio\jbr\bin\vcruntime140_1.dll
0x00007ff838da0000 - 0x00007ff838e2d000 	D:\devecostudio\DevEco Studio\jbr\bin\msvcp140.dll
0x00007ffff7210000 - 0x00007ffff7e95000 	D:\devecostudio\DevEco Studio\jbr\bin\server\jvm.dll
0x00007ff864d10000 - 0x00007ff864dbe000 	C:\windows\System32\ADVAPI32.dll
0x00007ff866100000 - 0x00007ff86619c000 	C:\windows\System32\sechost.dll
0x00007ff865f70000 - 0x00007ff866095000 	C:\windows\System32\RPCRT4.dll
0x00007ff863390000 - 0x00007ff8633db000 	C:\windows\SYSTEM32\POWRPROF.dll
0x00007ff85a300000 - 0x00007ff85a309000 	C:\windows\SYSTEM32\WSOCK32.dll
0x00007ff8656a0000 - 0x00007ff86570b000 	C:\windows\System32\WS2_32.dll
0x00007ff840670000 - 0x00007ff840697000 	C:\windows\SYSTEM32\WINMM.dll
0x00007ff85e5c0000 - 0x00007ff85e5ca000 	C:\windows\SYSTEM32\VERSION.dll
0x00007ff863350000 - 0x00007ff863362000 	C:\windows\SYSTEM32\UMPDC.dll
0x00007ff8618a0000 - 0x00007ff8618b2000 	C:\windows\SYSTEM32\kernel.appcore.dll
0x00007ff85f600000 - 0x00007ff85f60a000 	D:\devecostudio\DevEco Studio\jbr\bin\jimage.dll
0x00007ff84f050000 - 0x00007ff84f234000 	C:\windows\SYSTEM32\DBGHELP.DLL
0x00007ff84ed40000 - 0x00007ff84ed75000 	C:\windows\SYSTEM32\dbgcore.DLL
0x00007ff863b60000 - 0x00007ff863be2000 	C:\windows\System32\bcryptPrimitives.dll
0x00007ff84eb90000 - 0x00007ff84ebb5000 	D:\devecostudio\DevEco Studio\jbr\bin\java.dll

dbghelp: loaded successfully - version: 4.0.5 - missing functions: none
symbol engine: initialized successfully - sym options: 0x614 - pdb path: .;D:\devecostudio\DevEco Studio\jbr\bin;C:\windows\SYSTEM32;C:\windows\WinSxS\amd64_microsoft.windows.common-controls_6595b64144ccf1df_6.0.19041.1110_none_60b5254171f9507e;D:\devecostudio\DevEco Studio\jbr\bin\server

VM Arguments:
jvm_args: -Xmx512m 
java_command: D:\devecostudio\DevEco Studio\tools\hvigor\hvigor\lib\hvigor-java-daemon.jar 45050 0000005032a71c8f77deb75d0d4d6c62660889d3fe2f79c8f68b0fde4b4f8c91db8ac2726e6bf0a7141f3c64f4779db11296308b245a221562e409897528601a474047befd20e03a6e43c3a7d1841631f7a86aea5471022c9c08a5a90466a23f
java_class_path (initial): D:\devecostudio\DevEco Studio\tools\hvigor\hvigor\lib\hvigor-java-daemon.jar
Launcher Type: SUN_STANDARD

[Global flags]
     intx CICompilerCount                          = 4                                         {product} {ergonomic}
     uint ConcGCThreads                            = 2                                         {product} {ergonomic}
     uint G1ConcRefinementThreads                  = 8                                         {product} {ergonomic}
   size_t G1HeapRegionSize                         = 1048576                                   {product} {ergonomic}
    uintx GCDrainStackTargetSize                   = 64                                        {product} {ergonomic}
   size_t InitialHeapSize                          = 534773760                                 {product} {ergonomic}
   size_t MarkStackSize                            = 4194304                                   {product} {ergonomic}
   size_t MaxHeapSize                              = 536870912                                 {product} {command line}
   size_t MinHeapDeltaBytes                        = 1048576                                   {product} {ergonomic}
   size_t MinHeapSize                              = 8388608                                   {product} {ergonomic}
    uintx NonNMethodCodeHeapSize                   = 5839372                                {pd product} {ergonomic}
    uintx NonProfiledCodeHeapSize                  = 122909434                              {pd product} {ergonomic}
    uintx ProfiledCodeHeapSize                     = 122909434                              {pd product} {ergonomic}
    uintx ReservedCodeCacheSize                    = 251658240                              {pd product} {ergonomic}
     bool SegmentedCodeCache                       = true                                      {product} {ergonomic}
   size_t SoftMaxHeapSize                          = 536870912                              {manageable} {ergonomic}
     bool UseCompressedClassPointers               = true                           {product lp64_product} {ergonomic}
     bool UseCompressedOops                        = true                           {product lp64_product} {ergonomic}
     bool UseG1GC                                  = true                                      {product} {ergonomic}
     bool UseLargePagesIndividualAllocation        = false                                  {pd product} {ergonomic}

Logging:
Log output configuration:
 #0: stdout all=warning uptime,level,tags
 #1: stderr all=off uptime,level,tags

Environment Variables:
JAVA_HOME=D:\devecostudio\DevEco Studio\jbr
PATH=D:\devecostudio\DevEco Studio\tools\node;D:\devecostudio\DevEco Studio\jbr\bin;C:\windows\system32;C:\windows;C:\windows\System32\Wbem;C:\windows\System32\WindowsPowerShell\v1.0\;C:\windows\System32\OpenSSH\;D:\Git\cmd;D:\Bandizip\;C:\Users\xyhedj\.cangjie-sdk\5.0\cangjie\compiler\tools\bin\cjpm;C:\Users\xyhedj\AppData\Local\Microsoft\WindowsApps;D:\Microsoft VS Code\bin;;D:\devecostudio\DevEco Studio\bin;
USERNAME=xyhedj
OS=Windows_NT
PROCESSOR_IDENTIFIER=Intel64 Family 6 Model 158 Stepping 13, GenuineIntel
TMP=C:\Users\xyhedj\AppData\Local\Temp
TEMP=C:\Users\xyhedj\AppData\Local\Temp



Periodic native trim disabled

JNI global refs:
JNI global refs: 0, weak refs: 0

JNI global refs memory usage: 0, weak refs: 0

OOME stack traces (most recent first):
Classloader memory used:


---------------  S Y S T E M  ---------------

OS:
 Windows 10 , 64 bit Build 19041 (10.0.19041.2364)
OS uptime: 77 days 0:51 hours
Hyper-V role detected

CPU: total 8 (initial active 8) (8 cores per cpu, 1 threads per core) family 6 model 158 stepping 13 microcode 0xd6, cx8, cmov, fxsr, mmx, 3dnowpref, sse, sse2, sse3, ssse3, sse4.1, sse4.2, popcnt, lzcnt, tsc, tscinvbit, avx, avx2, aes, erms, clmul, bmi1, bmi2, adx, fma, vzeroupper, clflush, clflushopt, hv
Processor Information for all 8 processors :
  Max Mhz: 3000, Current Mhz: 3000, Mhz Limit: 3000

Memory: 4k page, system-wide physical 32603M (3920M free)
TotalPageFile size 51353M (AvailPageFile size 424M)
current process WorkingSet (physical memory assigned to process): 10M, peak: 10M
current process commit charge ("private bytes"): 59M, peak: 569M

vm_info: OpenJDK 64-Bit Server VM (17.0.12+1-b1087.25) for windows-amd64 JRE (17.0.12+1-b1087.25), built on 2024-08-30 by "builduser" with MS VC++ 16.10 / 16.11 (VS2019)

END.
